🎈 PartyKit v0.0.115
---------------------
Build succeeded, starting server...

[2K[1A[2K[G[pk:dbg] Updated `Request.cf` object cache!

[2K[1A[2K[G[pk:inf] Ready on http://0.0.0.0:1999

[2K[1A[2K[G[pk:inf] - http://127.0.0.1:1999

[2K[1A[2K[G[pk:inf] - http://192.168.0.2:1999

[2K[1A[2K[GBuild succeeded, starting server...

[2K[1A[2K[G[pk:inf] Updated and ready on http://0.0.0.0:1999

[2K[1A[2K[GBuild succeeded, starting server...

[2K[1A[2K[G[pk:inf] Updated and ready on http://0.0.0.0:1999

[2K[1A[2K[GBuild succeeded, starting server...

[2K[1A[2K[G[pk:inf] Updated and ready on http://0.0.0.0:1999

[2K[1A[2K[GBuild succeeded, starting server...

[2K[1A[2K[G[pk:inf] Updated and ready on http://0.0.0.0:1999

[2K[1A[2K[GBuild succeeded, starting server...

[2K[1A[2K[G[pk:inf] Updated and ready on http://0.0.0.0:1999

[2K[1A[2K[GBuild succeeded, starting server...

[2K[1A[2K[G[pk:inf] Updated and ready on http://0.0.0.0:1999

[2K[1A[2K[GBuild succeeded, starting server...

[2K[1A[2K[G[pk:inf] Updated and ready on http://0.0.0.0:1999

[2K[1A[2K[GBuild succeeded, starting server...

[2K[1A[2K[G[pk:inf] Updated and ready on http://0.0.0.0:1999

[2K[1A[2K[GBuild succeeded, starting server...

[2K[1A[2K[G[pk:inf] Updated and ready on http://0.0.0.0:1999

[2K[1A[2K[GBuild succeeded, starting server...

[2K[1A[2K[G[pk:inf] Updated and ready on http://0.0.0.0:1999

[2K[1A[2K[GBuild succeeded, starting server...

[2K[1A[2K[G[pk:inf] Updated and ready on http://0.0.0.0:1999

[2K[1A[2K[GBuild succeeded, starting server...

[2K[1A[2K[G[pk:inf] Updated and ready on http://0.0.0.0:1999

[2K[1A[2K[GConnected e969901b-8962-4327-97aa-735bcadbc238

[2K[1A[2K[G[pk:inf] GET /parties/main/main-room 101 Switching Protocols (64ms)

[2K[1A[2K[GConnected ff012289-77e2-4d6a-b05c-417a553e7ed9

[2K[1A[2K[G[pk:inf] GET /parties/main/main-room 101 Switching Protocols (2ms)

[2K[1A[2K[GConnected 77468238-a82f-4599-915e-3d46acde4c39

[2K[1A[2K[G[pk:inf] GET /parties/main/main-room 101 Switching Protocols (2ms)

[2K[1A[2K[GConnected f9365833-f898-4ae5-bbae-3de3fd8fbbcc

[2K[1A[2K[G[pk:inf] GET /parties/main/main-room 101 Switching Protocols (2ms)

[2K[1A[2K[GConnected ff7d0aeb-8e64-45c0-b544-754b988a44be

[2K[1A[2K[G[pk:inf] GET /parties/main/main-room 101 Switching Protocols (2ms)

[2K[1A[2K[GConnected 75b24355-a142-4dab-a4f4-3800cf2086f2

[2K[1A[2K[G[pk:inf] GET /parties/main/main-room 101 Switching Protocols (2ms)

[2K[1A[2K[GConnected 8b0bd1e9-9f6e-4e12-b434-7b5b390f172b

[2K[1A[2K[G[pk:inf] GET /parties/main/main-room 101 Switching Protocols (3ms)

[2K[1A[2K[GConnected 7ba0ef00-fbd6-4240-b691-b1e6e2e0e71e

[2K[1A[2K[G[pk:inf] GET /parties/main/main-room 101 Switching Protocols (2ms)

[2K[1A[2K[GConnected 54200462-35ca-48a6-bd42-752463dc4022

[2K[1A[2K[G[pk:inf] GET /parties/main/main-room 101 Switching Protocols (5ms)

[2K[1A[2K[GConnected e2a0d559-e578-4608-8b42-025de8b92ee1

[2K[1A[2K[G[pk:inf] GET /parties/main/main-room 101 Switching Protocols (3ms)

[2K[1A[2K[GBuild succeeded, starting server...

[2K[1A[2K[G[pk:inf] Updated and ready on http://0.0.0.0:1999

[2K[1A[2K[GConnected c47a918e-1cd6-4cab-8a80-60256f0d59c7

[2K[1A[2K[G[pk:inf] GET /parties/main/main-room 101 Switching Protocols (34ms)

[2K[1A[2K[GConnected d6b986f6-6c18-4c05-af7e-b1b5d76dbcdb

[2K[1A[2K[G[pk:inf] GET /parties/main/main-room 101 Switching Protocols (3ms)

[2K[1A[2K[GConnected 8ffdd358-c688-4d01-9f98-f4f7f0385f7a

[2K[1A[2K[G[pk:inf] GET /parties/main/main-room 101 Switching Protocols (2ms)

[2K[1A[2K[GBuild succeeded, starting server...

[2K[1A[2K[G[pk:inf] Updated and ready on http://0.0.0.0:1999

[2K[1A[2K[GBuild succeeded, starting server...

[2K[1A[2K[G[pk:inf] Updated and ready on http://0.0.0.0:1999

[2K[1A[2K[GConnected 67097e07-ac96-42cb-a48d-be0fab8d5fb7

[2K[1A[2K[G[pk:inf] GET /parties/main/main-room 101 Switching Protocols (7ms)

[2K[1A[2K[GConnected d6975ab3-473a-4921-9c5b-c7e8507dec7c

[2K[1A[2K[G[pk:inf] GET /parties/main/main-room 101 Switching Protocols (2ms)

[2K[1A[2K[GBuild succeeded, starting server...

[2K[1A[2K[G[pk:inf] Updated and ready on http://0.0.0.0:1999

[2K[1A[2K[GConnected 09f1f6a2-131c-47f0-a418-a9dbba8ca30f

[2K[1A[2K[G[pk:inf] GET /parties/main/main-room 101 Switching Protocols (8ms)

[2K[1A[2K[GBuild succeeded, starting server...

[2K[1A[2K[G[pk:inf] Updated and ready on http://0.0.0.0:1999

[2K[1A[2K[GConnected 9ca73ad0-63c8-495a-ae3c-853a8ae5d10f

[2K[1A[2K[G[pk:inf] GET /parties/main/main-room 101 Switching Protocols (6ms)
